// Jest Snapshot v1, https://goo.gl/fbAQLP

exports[`AnimalsController getAllAnimals should return an array of animals 1`] = `
[
  {
    "animalName": "Human",
    "createdAt": 2023-03-19T18:27:12.933Z,
    "description": "test description",
    "type": "MAMMALS",
  },
]
`;

exports[`AnimalsController getAllAnimals should throw Internal Server Error when something goes wrong with mongodb 1`] = `Promise {}`;
