// Jest Snapshot v1, https://goo.gl/fbAQLP

exports[`AnimalsController addAnimalsLsit should add list of animals 1`] = `
[
  {
    "_id": "id1",
    "animalName": "Elephant",
    "createdAt": "2022-02-02",
    "type": "MAMMALS",
  },
  {
    "_id": "id2",
    "animalName": "Lion",
    "createdAt": "2022-02-02",
    "type": "MAMMALS",
  },
]
`;

exports[`AnimalsController addAnimalsLsit should throw Interal Servel Error Exception when something goes worng with mongodb connection 1`] = `[InternalServerErrorException: Internal Server Error]`;

exports[`AnimalsController addAnimalsLsit should throw error - BadRequestException - when one of animals already exist 1`] = `[BadRequestException: Animals already exist in database]`;

exports[`AnimalsController getAllAnimals should return an array of animals 1`] = `
[
  {
    "animalName": "Human",
    "createdAt": 2023-03-19T18:27:12.933Z,
    "description": "test description",
    "type": "MAMMALS",
  },
]
`;

exports[`AnimalsController getAllAnimals should throw an error when there is something wrong with mongodb connection 1`] = `[InternalServerErrorException: Internal Server Error]`;

exports[`AnimalsController getAnimal should return an animal 1`] = `
{
  "animalName": "Human",
  "createdAt": 2023-03-19T18:27:12.933Z,
  "description": "test description",
  "type": "MAMMALS",
}
`;

exports[`AnimalsController getAnimal should throw error when animal not found 1`] = `[NotFoundException: Not Found]`;
